BL51 BANKED LINKER/LOCATER V6.22.4.0                                                    05/30/2025  23:26:16  PAGE 1


BL51 BANKED LINKER/LOCATER V6.22.4.0, INVOKED BY:
D:\C51\BIN\BL51.EXE .\Objects\main.obj TO .\Objects\SPI_Loopback_Test PRINT (.\Listings\SPI_Loopback_Test.m51) RAMSIZE (
>> 256)


MEMORY MODEL: SMALL


INPUT MODULES INCLUDED:
  .\Objects\main.obj (MAIN)
  D:\C51\LIB\C51S.LIB (?C_STARTUP)
  D:\C51\LIB\C51S.LIB (?C?COPY)
  D:\C51\LIB\C51S.LIB (?C?CLDPTR)


LINK MAP OF MODULE:  .\Objects\SPI_Loopback_Test (MAIN)


            TYPE    BASE      LENGTH    RELOCATION   SEGMENT NAME
            -----------------------------------------------------

            * * * * * * *   D A T A   M E M O R Y   * * * * * * *
            REG     0000H     0008H     ABSOLUTE     "REG BANK 0"
            DATA    0008H     0012H     UNIT         _DATA_GROUP_
            IDATA   001AH     0001H     UNIT         ?STACK

            * * * * * * *   C O D E   M E M O R Y   * * * * * * *
            CODE    0000H     0003H     ABSOLUTE     
                    0003H     07FDH                  *** GAP ***
            CODE    0800H     010FH     UNIT         ?C?LIB_CODE
            CODE    090FH     0046H     UNIT         ?CO?MAIN
            CODE    0955H     003AH     UNIT         ?PR?_SPI_TRANSFER_BYTE?MAIN
            CODE    098FH     003AH     UNIT         ?PR?MAIN?MAIN
            CODE    09C9H     002EH     UNIT         ?PR?_UART_SEND_HEX?MAIN
            CODE    09F7H     0025H     UNIT         ?PR?_UART_SEND_STR?MAIN
            CODE    0A1CH     000FH     UNIT         ?PR?_DELAY_US?MAIN
            CODE    0A2BH     000FH     UNIT         ?PR?UART_INIT?MAIN
            CODE    0A3AH     000CH     UNIT         ?C_C51STARTUP
            CODE    0A46H     0008H     UNIT         ?PR?_UART_SEND_CHAR?MAIN
            CODE    0A4EH     0005H     UNIT         ?PR?SPI_INIT?MAIN



OVERLAY MAP OF MODULE:   .\Objects\SPI_Loopback_Test (MAIN)


SEGMENT                               DATA_GROUP 
  +--> CALLED SEGMENT               START    LENGTH
---------------------------------------------------
?C_C51STARTUP                       -----    -----
  +--> ?PR?MAIN?MAIN

?PR?MAIN?MAIN                       -----    -----
  +--> ?PR?UART_INIT?MAIN
  +--> ?PR?SPI_INIT?MAIN
  +--> ?CO?MAIN
  +--> ?PR?_UART_SEND_STR?MAIN
  +--> ?PR?_SPI_TRANSFER_BYTE?MAIN
BL51 BANKED LINKER/LOCATER V6.22.4.0                                                  05/30/2025  23:26:16  PAGE 2


  +--> ?PR?_UART_SEND_HEX?MAIN

?PR?_UART_SEND_STR?MAIN             0008H    0003H
  +--> ?PR?_UART_SEND_CHAR?MAIN

?PR?_SPI_TRANSFER_BYTE?MAIN         -----    -----
  +--> ?PR?_DELAY_US?MAIN

?PR?_UART_SEND_HEX?MAIN             0008H    0012H
  +--> ?CO?MAIN
  +--> ?PR?_UART_SEND_CHAR?MAIN



SYMBOL TABLE OF MODULE:  .\Objects\SPI_Loopback_Test (MAIN)

  VALUE           TYPE          NAME
  ----------------------------------

  -------         MODULE        MAIN
  C:0000H         SYMBOL        _ICE_DUMMY_
  D:0090H         PUBLIC        P1
  D:00A0H         PUBLIC        P2
  D:00B0H         PUBLIC        P3
  C:09F7H         PUBLIC        _uart_send_str
  B:00A0H.1       PUBLIC        SPI_MISO
  B:00A0H.0       PUBLIC        SPI_MOSI
  D:00A8H         PUBLIC        IE
  D:00B8H         PUBLIC        IP
  B:0098H.1       PUBLIC        TI
  C:098FH         PUBLIC        main
  C:0955H         PUBLIC        _spi_transfer_byte
  D:0099H         PUBLIC        SBUF
  D:0098H         PUBLIC        SCON
  D:0089H         PUBLIC        TMOD
  D:0088H         PUBLIC        TCON
  C:0944H         SYMBOL        _?ix1000
  C:0A46H         PUBLIC        _uart_send_char
  D:008DH         PUBLIC        TH1
  D:008BH         PUBLIC        TL1
  C:0A2BH         PUBLIC        uart_init
  B:0088H.6       PUBLIC        TR1
  C:0A1CH         PUBLIC        _delay_us
  B:00A0H.3       PUBLIC        SPI_CS
  C:0A4EH         PUBLIC        spi_init
  D:00C8H         PUBLIC        T2CON
  C:09C9H         PUBLIC        _uart_send_hex
  D:00D0H         PUBLIC        PSW
  B:00A0H.2       PUBLIC        SPI_SCLK
  -------         PROC          _DELAY_US
  D:0006H         SYMBOL        us
  C:0A1CH         LINE#         11
  C:0A1CH         LINE#         12
  C:0A26H         LINE#         13
  C:0A27H         LINE#         14
  C:0A28H         LINE#         15
  C:0A2AH         LINE#         16
BL51 BANKED LINKER/LOCATER V6.22.4.0                                                  05/30/2025  23:26:16  PAGE 3


  -------         ENDPROC       _DELAY_US
  -------         PROC          UART_INIT
  C:0A2BH         LINE#         19
  C:0A2BH         LINE#         20
  C:0A2EH         LINE#         21
  C:0A34H         LINE#         22
  C:0A37H         LINE#         23
  C:0A39H         LINE#         24
  -------         ENDPROC       UART_INIT
  -------         PROC          _UART_SEND_CHAR
  D:0007H         SYMBOL        c
  C:0A46H         LINE#         26
  C:0A46H         LINE#         27
  C:0A48H         LINE#         28
  C:0A4BH         LINE#         29
  C:0A4DH         LINE#         30
  -------         ENDPROC       _UART_SEND_CHAR
  -------         PROC          _UART_SEND_STR
  D:0008H         SYMBOL        s
  C:09F7H         LINE#         32
  C:09FDH         LINE#         33
  C:0A1BH         LINE#         34
  -------         ENDPROC       _UART_SEND_STR
  -------         PROC          _UART_SEND_HEX
  D:0008H         SYMBOL        b
  -------         DO            
  D:0009H         SYMBOL        hex
  -------         ENDDO         
  C:09C9H         LINE#         36
  C:09CBH         LINE#         37
  C:09DEH         LINE#         38
  C:09EBH         LINE#         39
  -------         ENDPROC       _UART_SEND_HEX
  -------         PROC          SPI_INIT
  C:0A4EH         LINE#         43
  C:0A4EH         LINE#         44
  C:0A50H         LINE#         45
  C:0A52H         LINE#         46
  -------         ENDPROC       SPI_INIT
  -------         PROC          _SPI_TRANSFER_BYTE
  D:0005H         SYMBOL        byte_out
  -------         DO            
  D:0002H         SYMBOL        i
  D:0003H         SYMBOL        byte_in
  -------         ENDDO         
  C:0955H         LINE#         49
  C:0957H         LINE#         50
  C:0959H         LINE#         51
  C:095BH         LINE#         53
  C:095CH         LINE#         55
  C:0966H         LINE#         56
  C:096AH         LINE#         59
  C:096CH         LINE#         60
  C:0973H         LINE#         63
  C:0977H         LINE#         64
  C:097DH         LINE#         67
  C:097FH         LINE#         68
BL51 BANKED LINKER/LOCATER V6.22.4.0                                                  05/30/2025  23:26:16  PAGE 4


  C:0986H         LINE#         69
  C:098AH         LINE#         71
  C:098CH         LINE#         72
  C:098EH         LINE#         73
  -------         ENDPROC       _SPI_TRANSFER_BYTE
  -------         PROC          MAIN
  -------         DO            
  D:0006H         SYMBOL        tx
  D:0006H         SYMBOL        rx
  -------         ENDDO         
  C:098FH         LINE#         76
  C:098FH         LINE#         77
  C:0991H         LINE#         80
  C:0994H         LINE#         81
  C:0997H         LINE#         83
  C:09A0H         LINE#         84
  C:09A9H         LINE#         86
  C:09B0H         LINE#         88
  C:09B9H         LINE#         89
  C:09BEH         LINE#         90
  C:09C7H         LINE#         92
  -------         ENDPROC       MAIN
  -------         ENDMOD        MAIN

  -------         MODULE        ?C?COPY
  C:08D0H         PUBLIC        ?C?COPY
  -------         ENDMOD        ?C?COPY

  -------         MODULE        ?C?CLDPTR
  C:08F6H         PUBLIC        ?C?CLDPTR
  -------         ENDMOD        ?C?CLDPTR

******************************************************************************
* RESTRICTED VERSION WITH 0800H BYTE CODE SIZE LIMIT; USED: 0138H BYTE (15%) *
******************************************************************************

Program Size: data=27.0 xdata=0 code=598
LINK/LOCATE RUN COMPLETE.  0 WARNING(S),  0 ERROR(S)
